#
# There is insufficient memory for the Java Runtime Environment to continue.
# Native memory allocation (malloc) failed to allocate 794416 bytes for Chunk::new
# Possible reasons:
#   The system is out of physical RAM or swap space
#   The process is running with CompressedOops enabled, and the Java Heap may be blocking the growth of the native heap
# Possible solutions:
#   Reduce memory load on the system
#   Increase physical memory or swap space
#   Check if swap backing store is full
#   Decrease Java heap size (-Xmx/-Xms)
#   Decrease number of Java threads
#   Decrease Java thread stack sizes (-Xss)
#   Set larger code cache with -XX:ReservedCodeCacheSize=
#   JVM is running with Unscaled Compressed Oops mode in which the Java heap is
#     placed in the first 4GB address space. The Java Heap base address is the
#     maximum limit for the native heap growth. Please use -XX:HeapBaseMinAddress
#     to set the Java Heap base and to place the Java Heap above 4GB virtual address.
# This output file may be truncated or incomplete.
#
#  Out of Memory Error (arena.cpp:189), pid=244, tid=11736
#
# JRE version: OpenJDK Runtime Environment (17.0.6) (build 17.0.6+0-b2043.56-10027231)
# Java VM: OpenJDK 64-Bit Server VM (17.0.6+0-b2043.56-10027231, mixed mode, tiered, compressed oops, compressed class ptrs, g1 gc, windows-amd64)
# No core dump will be written. Minidumps are not enabled by default on client versions of Windows
#

---------------  S U M M A R Y ------------

Command Line: --add-opens=java.base/java.util=ALL-UNNAMED --add-opens=java.base/java.lang=ALL-UNNAMED --add-opens=java.base/java.lang.invoke=ALL-UNNAMED --add-opens=java.prefs/java.util.prefs=ALL-UNNAMED --add-opens=java.base/java.nio.charset=ALL-UNNAMED --add-opens=java.base/java.net=ALL-UNNAMED --add-opens=java.base/java.util.concurrent.atomic=ALL-UNNAMED -Xmx2048m -Dfile.encoding=UTF-8 -Duser.country=US -Duser.language=en -Duser.variant -javaagent:C:\Users\dfabijanic\.gradle\wrapper\dists\gradle-8.2-bin\bbg7u40eoinfdyxsxr3z4i7ta\gradle-8.2\lib\agents\gradle-instrumentation-agent-8.2.jar org.gradle.launcher.daemon.bootstrap.GradleDaemon 8.2

Host: 11th Gen Intel(R) Core(TM) i5-1135G7 @ 2.40GHz, 8 cores, 15G,  Windows 10 , 64 bit Build 19041 (10.0.19041.3636)
Time: Thu Jan 29 10:29:06 2026 Central European Standard Time elapsed time: 13.720039 seconds (0d 0h 0m 13s)

---------------  T H R E A D  ---------------

Current thread (0x000002b7fc8710c0):  JavaThread "C2 CompilerThread0" daemon [_thread_in_native, id=11736, stack(0x000000ec19000000,0x000000ec19100000)]


Current CompileTask:
C2:  13720 7669       4       groovy.lang.MetaClassImpl$1MOPIter::methodNameAction (325 bytes)

Stack: [0x000000ec19000000,0x000000ec19100000]
Native frames: (J=compiled Java code, j=interpreted, Vv=VM code, C=native code)
V  [jvm.dll+0x683c9a]
V  [jvm.dll+0x8427a4]
V  [jvm.dll+0x843f9e]
V  [jvm.dll+0x844603]
V  [jvm.dll+0x249b75]
V  [jvm.dll+0xabcac]
V  [jvm.dll+0xac27c]
V  [jvm.dll+0x2b0eef]
V  [jvm.dll+0x58a267]
V  [jvm.dll+0x2243b2]
V  [jvm.dll+0x21dd02]
V  [jvm.dll+0x21b51b]
V  [jvm.dll+0x1a4fdd]
V  [jvm.dll+0x22b098]
V  [jvm.dll+0x229159]
V  [jvm.dll+0x7f81ec]
V  [jvm.dll+0x7f274a]
V  [jvm.dll+0x682ad5]
C  [ucrtbase.dll+0x21bb2]
C  [KERNEL32.DLL+0x17344]
C  [ntdll.dll+0x526b1]


---------------  P R O C E S S  ---------------

Threads class SMR info:
_java_thread_list=0x000002b7964437a0, length=56, elements={
0x000002b7f1948f10, 0x000002b7fc7eafa0, 0x000002b7fc7ec160, 0x000002b7fc867420,
0x000002b7fc869df0, 0x000002b7fc86ccc0, 0x000002b7fc8700c0, 0x000002b7fc8710c0,
0x000002b7fc879da0, 0x000002b7fc87df70, 0x000002b7fc8ce990, 0x000002b7fcaae010,
0x000002b7fe9cba50, 0x000002b78f8cc060, 0x000002b78f160ea0, 0x000002b7fe8bfbf0,
0x000002b7fe1528f0, 0x000002b78f2f51a0, 0x000002b78f301160, 0x000002b78f1b7320,
0x000002b78f7fbbc0, 0x000002b78f7f9070, 0x000002b78f7f9ee0, 0x000002b78f7fa880,
0x000002b78f7fc090, 0x000002b78f7fa3b0, 0x000002b78f7fad50, 0x000002b78f7fc560,
0x000002b78f7f9540, 0x000002b78f7f9a10, 0x000002b78f7fb220, 0x000002b78f7f8ba0,
0x000002b78fe6fe00, 0x000002b78fe6f930, 0x000002b78fe70c70, 0x000002b78fe6d780,
0x000002b78fe6e120, 0x000002b78fe702d0, 0x000002b78fe6dc50, 0x000002b78fe6c440,
0x000002b78fe71fb0, 0x000002b78fe707a0, 0x000002b78fe71ae0, 0x000002b78fe72480,
0x000002b78fe6cde0, 0x000002b78fe6eac0, 0x000002b78fe6b5d0, 0x000002b78fe6baa0,
0x000002b78fe6ef90, 0x000002b78fe6f460, 0x000002b78fe6bf70, 0x000002b79617c8a0,
0x000002b7fe860bb0, 0x000002b7fe8670c0, 0x000002b7fe866bf0, 0x000002b7947b2770
}

Java Threads: ( => current thread )
  0x000002b7f1948f10 JavaThread "main" [_thread_blocked, id=18412, stack(0x000000ec18300000,0x000000ec18400000)]
  0x000002b7fc7eafa0 JavaThread "Reference Handler" daemon [_thread_blocked, id=6932, stack(0x000000ec18a00000,0x000000ec18b00000)]
  0x000002b7fc7ec160 JavaThread "Finalizer" daemon [_thread_blocked, id=24204, stack(0x000000ec18b00000,0x000000ec18c00000)]
  0x000002b7fc867420 JavaThread "Signal Dispatcher" daemon [_thread_blocked, id=11516, stack(0x000000ec18c00000,0x000000ec18d00000)]
  0x000002b7fc869df0 JavaThread "Attach Listener" daemon [_thread_blocked, id=18088, stack(0x000000ec18d00000,0x000000ec18e00000)]
  0x000002b7fc86ccc0 JavaThread "Service Thread" daemon [_thread_blocked, id=21676, stack(0x000000ec18e00000,0x000000ec18f00000)]
  0x000002b7fc8700c0 JavaThread "Monitor Deflation Thread" daemon [_thread_blocked, id=3744, stack(0x000000ec18f00000,0x000000ec19000000)]
=>0x000002b7fc8710c0 JavaThread "C2 CompilerThread0" daemon [_thread_in_native, id=11736, stack(0x000000ec19000000,0x000000ec19100000)]
  0x000002b7fc879da0 JavaThread "C1 CompilerThread0" daemon [_thread_blocked, id=21396, stack(0x000000ec19100000,0x000000ec19200000)]
  0x000002b7fc87df70 JavaThread "Sweeper thread" daemon [_thread_blocked, id=26260, stack(0x000000ec19200000,0x000000ec19300000)]
  0x000002b7fc8ce990 JavaThread "Common-Cleaner" daemon [_thread_blocked, id=16876, stack(0x000000ec19300000,0x000000ec19400000)]
  0x000002b7fcaae010 JavaThread "Notification Thread" daemon [_thread_blocked, id=7284, stack(0x000000ec19400000,0x000000ec19500000)]
  0x000002b7fe9cba50 JavaThread "Daemon health stats" [_thread_blocked, id=26616, stack(0x000000ec19c00000,0x000000ec19d00000)]
  0x000002b78f8cc060 JavaThread "Incoming local TCP Connector on port 55430" [_thread_in_native, id=22244, stack(0x000000ec19e00000,0x000000ec19f00000)]
  0x000002b78f160ea0 JavaThread "Daemon periodic checks" [_thread_blocked, id=3052, stack(0x000000ec19f00000,0x000000ec1a000000)]
  0x000002b7fe8bfbf0 JavaThread "Daemon" [_thread_blocked, id=26432, stack(0x000000ec1a000000,0x000000ec1a100000)]
  0x000002b7fe1528f0 JavaThread "Handler for socket connection from /127.0.0.1:55430 to /127.0.0.1:55431" [_thread_in_native, id=25908, stack(0x000000ec1a100000,0x000000ec1a200000)]
  0x000002b78f2f51a0 JavaThread "Cancel handler" [_thread_blocked, id=1968, stack(0x000000ec1a200000,0x000000ec1a300000)]
  0x000002b78f301160 JavaThread "Daemon worker" [_thread_in_vm, id=14644, stack(0x000000ec1a300000,0x000000ec1a400000)]
  0x000002b78f1b7320 JavaThread "Asynchronous log dispatcher for DefaultDaemonConnection: socket connection from /127.0.0.1:55430 to /127.0.0.1:55431" [_thread_blocked, id=24408, stack(0x000000ec1a400000,0x000000ec1a500000)]
  0x000002b78f7fbbc0 JavaThread "Stdin handler" [_thread_blocked, id=14428, stack(0x000000ec1a500000,0x000000ec1a600000)]
  0x000002b78f7f9070 JavaThread "Daemon client event forwarder" [_thread_blocked, id=21608, stack(0x000000ec1a600000,0x000000ec1a700000)]
  0x000002b78f7f9ee0 JavaThread "Cache worker for journal cache (C:\Users\dfabijanic\.gradle\caches\journal-1)" [_thread_blocked, id=22796, stack(0x000000ec1aa00000,0x000000ec1ab00000)]
  0x000002b78f7fa880 JavaThread "File lock request listener" [_thread_in_native, id=4048, stack(0x000000ec1ab00000,0x000000ec1ac00000)]
  0x000002b78f7fc090 JavaThread "Cache worker for file hash cache (C:\Users\dfabijanic\.gradle\caches\8.2\fileHashes)" [_thread_blocked, id=17304, stack(0x000000ec1ac00000,0x000000ec1ad00000)]
  0x000002b78f7fa3b0 JavaThread "File watcher server" daemon [_thread_in_native, id=12600, stack(0x000000ec1ae00000,0x000000ec1af00000)]
  0x000002b78f7fad50 JavaThread "File watcher consumer" daemon [_thread_blocked, id=8204, stack(0x000000ec1af00000,0x000000ec1b000000)]
  0x000002b78f7fc560 JavaThread "Cache worker for checksums cache (D:\dfabijanic\FOI\AIR\HomeBudgetApp\.gradle\8.2\checksums)" [_thread_blocked, id=11252, stack(0x000000ec1b000000,0x000000ec1b100000)]
  0x000002b78f7f9540 JavaThread "Cache worker for cache directory md-rule (C:\Users\dfabijanic\.gradle\caches\8.2\md-rule)" [_thread_blocked, id=25168, stack(0x000000ec1b100000,0x000000ec1b200000)]
  0x000002b78f7f9a10 JavaThread "Cache worker for file content cache (C:\Users\dfabijanic\.gradle\caches\8.2\fileContent)" [_thread_blocked, id=23264, stack(0x000000ec1b200000,0x000000ec1b300000)]
  0x000002b78f7fb220 JavaThread "Cache worker for file hash cache (D:\dfabijanic\FOI\AIR\HomeBudgetApp\.gradle\8.2\fileHashes)" [_thread_blocked, id=24128, stack(0x000000ec1b300000,0x000000ec1b400000)]
  0x000002b78f7f8ba0 JavaThread "Cache worker for cache directory md-supplier (C:\Users\dfabijanic\.gradle\caches\8.2\md-supplier)" [_thread_blocked, id=1312, stack(0x000000ec1b400000,0x000000ec1b500000)]
  0x000002b78fe6fe00 JavaThread "Cache worker for execution history cache (C:\Users\dfabijanic\.gradle\caches\8.2\executionHistory)" [_thread_blocked, id=21940, stack(0x000000ec1b500000,0x000000ec1b600000)]
  0x000002b78fe6f930 JavaThread "jar transforms" [_thread_blocked, id=17732, stack(0x000000ec1b700000,0x000000ec1b800000)]
  0x000002b78fe70c70 JavaThread "jar transforms Thread 2" [_thread_blocked, id=13640, stack(0x000000ec1b800000,0x000000ec1b900000)]
  0x000002b78fe6d780 JavaThread "Cache worker for kotlin-dsl (C:\Users\dfabijanic\.gradle\caches\8.2\kotlin-dsl)" [_thread_blocked, id=14648, stack(0x000000ec1b900000,0x000000ec1ba00000)]
  0x000002b78fe6e120 JavaThread "jar transforms Thread 3" [_thread_blocked, id=13696, stack(0x000000ec1ba00000,0x000000ec1bb00000)]
  0x000002b78fe702d0 JavaThread "jar transforms Thread 4" [_thread_blocked, id=14400, stack(0x000000ec1bb00000,0x000000ec1bc00000)]
  0x000002b78fe6dc50 JavaThread "jar transforms Thread 5" [_thread_blocked, id=7708, stack(0x000000ec1bc00000,0x000000ec1bd00000)]
  0x000002b78fe6c440 JavaThread "jar transforms Thread 6" [_thread_blocked, id=22820, stack(0x000000ec1bd00000,0x000000ec1be00000)]
  0x000002b78fe71fb0 JavaThread "Cache worker for dependencies-accessors (D:\dfabijanic\FOI\AIR\HomeBudgetApp\.gradle\8.2\dependencies-accessors)" [_thread_blocked, id=26560, stack(0x000000ec1be00000,0x000000ec1bf00000)]
  0x000002b78fe707a0 JavaThread "Cache worker for Build Output Cleanup Cache (D:\dfabijanic\FOI\AIR\HomeBudgetApp\.gradle\buildOutputCleanup)" [_thread_blocked, id=15912, stack(0x000000ec1bf00000,0x000000ec1c000000)]
  0x000002b78fe71ae0 JavaThread "jar transforms Thread 7" [_thread_blocked, id=16488, stack(0x000000ec1c000000,0x000000ec1c100000)]
  0x000002b78fe72480 JavaThread "jar transforms Thread 8" [_thread_blocked, id=26492, stack(0x000000ec1c100000,0x000000ec1c200000)]
  0x000002b78fe6cde0 JavaThread "Unconstrained build operations" [_thread_blocked, id=3732, stack(0x000000ec1c200000,0x000000ec1c300000)]
  0x000002b78fe6eac0 JavaThread "Unconstrained build operations Thread 2" [_thread_blocked, id=21992, stack(0x000000ec1c300000,0x000000ec1c400000)]
  0x000002b78fe6b5d0 JavaThread "Unconstrained build operations Thread 3" [_thread_blocked, id=14196, stack(0x000000ec1c400000,0x000000ec1c500000)]
  0x000002b78fe6baa0 JavaThread "Unconstrained build operations Thread 4" [_thread_blocked, id=19168, stack(0x000000ec1c500000,0x000000ec1c600000)]
  0x000002b78fe6ef90 JavaThread "Unconstrained build operations Thread 5" [_thread_blocked, id=5052, stack(0x000000ec1c600000,0x000000ec1c700000)]
  0x000002b78fe6f460 JavaThread "Unconstrained build operations Thread 6" [_thread_blocked, id=5404, stack(0x000000ec1c700000,0x000000ec1c800000)]
  0x000002b78fe6bf70 JavaThread "Unconstrained build operations Thread 7" [_thread_blocked, id=20080, stack(0x000000ec1c800000,0x000000ec1c900000)]
  0x000002b79617c8a0 JavaThread "C2 CompilerThread1" daemon [_thread_in_native, id=14368, stack(0x000000ec19600000,0x000000ec19700000)]
  0x000002b7fe860bb0 JavaThread "build event listener" [_thread_blocked, id=24620, stack(0x000000ec1ad00000,0x000000ec1ae00000)]
  0x000002b7fe8670c0 JavaThread "Memory manager" [_thread_blocked, id=23636, stack(0x000000ec1c900000,0x000000ec1ca00000)]
  0x000002b7fe866bf0 JavaThread "build event listener" [_thread_blocked, id=10572, stack(0x000000ec1ca00000,0x000000ec1cb00000)]
  0x000002b7947b2770 JavaThread "C2 CompilerThread2" daemon [_thread_in_native, id=2532, stack(0x000000ec1cb00000,0x000000ec1cc00000)]

Other Threads:
  0x000002b7fc7ab7c0 VMThread "VM Thread" [stack: 0x000000ec18900000,0x000000ec18a00000] [id=17220]
  0x000002b7fcaae4e0 WatcherThread [stack: 0x000000ec19500000,0x000000ec19600000] [id=3116]
  0x000002b7f19a1a40 GCTaskThread "GC Thread#0" [stack: 0x000000ec18400000,0x000000ec18500000] [id=23952]
  0x000002b7fdf67dd0 GCTaskThread "GC Thread#1" [stack: 0x000000ec19700000,0x000000ec19800000] [id=18864]
  0x000002b7fdf48860 GCTaskThread "GC Thread#2" [stack: 0x000000ec19800000,0x000000ec19900000] [id=19368]
  0x000002b7fdf48b10 GCTaskThread "GC Thread#3" [stack: 0x000000ec19900000,0x000000ec19a00000] [id=860]
  0x000002b7fdf48dc0 GCTaskThread "GC Thread#4" [stack: 0x000000ec19a00000,0x000000ec19b00000] [id=10968]
  0x000002b7fdf49070 GCTaskThread "GC Thread#5" [stack: 0x000000ec19b00000,0x000000ec19c00000] [id=25784]
  0x000002b78f2df2d0 GCTaskThread "GC Thread#6" [stack: 0x000000ec1a700000,0x000000ec1a800000] [id=12732]
  0x000002b7feca6040 GCTaskThread "GC Thread#7" [stack: 0x000000ec1a800000,0x000000ec1a900000] [id=21136]
  0x000002b7f19b5cc0 ConcurrentGCThread "G1 Main Marker" [stack: 0x000000ec18500000,0x000000ec18600000] [id=25020]
  0x000002b7f19b65e0 ConcurrentGCThread "G1 Conc#0" [stack: 0x000000ec18600000,0x000000ec18700000] [id=6404]
  0x000002b78f22dbe0 ConcurrentGCThread "G1 Conc#1" [stack: 0x000000ec1a900000,0x000000ec1aa00000] [id=4472]
  0x000002b7fc42a160 ConcurrentGCThread "G1 Refine#0" [stack: 0x000000ec18700000,0x000000ec18800000] [id=14728]
  0x000002b78ff5d110 ConcurrentGCThread "G1 Refine#1" [stack: 0x000000ec1b600000,0x000000ec1b700000] [id=21960]
  0x000002b7fc42aa90 ConcurrentGCThread "G1 Service" [stack: 0x000000ec18800000,0x000000ec18900000] [id=17560]

Threads with active compile tasks:
C2 CompilerThread0    14173 7669       4       groovy.lang.MetaClassImpl$1MOPIter::methodNameAction (325 bytes)
C2 CompilerThread1    14173 7700       4       org.objectweb.asm.MethodWriter::putMethodInfo (1274 bytes)
C2 CompilerThread2    14173 7688 %     4       org.gradle.internal.instantiation.generator.AbstractClassGenerator::inspectType @ 207 (560 bytes)

VM state: not at safepoint (normal execution)

VM Mutex/Monitor currently owned by a thread:  ([mutex/lock_event])
[0x000002b7f19351f0] Metaspace_lock - owner thread: 0x000002b78f301160

Heap address: 0x0000000080000000, size: 2048 MB, Compressed Oops mode: 32-bit

CDS archive(s) not mapped
Compressed class space mapped at: 0x0000000100000000-0x0000000140000000, reserved size: 1073741824
Narrow klass base: 0x0000000000000000, Narrow klass shift: 3, Narrow klass range: 0x140000000

GC Precious Log:
 CPUs: 8 total, 8 available
 Memory: 16039M
 Large Page Support: Disabled
 NUMA Support: Disabled
 Compressed Oops: Enabled (32-bit)
 Heap Region Size: 1M
 Heap Min Capacity: 8M
 Heap Initial Capacity: 252M
 Heap Max Capacity: 2G
 Pre-touch: Disabled
 Parallel Workers: 8
 Concurrent Workers: 2
 Concurrent Refinement Workers: 8
 Periodic GC: Disabled

Heap:
 garbage-first heap   total 138240K, used 86315K [0x0000000080000000, 0x0000000100000000)
  region size 1024K, 14 young (14336K), 5 survivors (5120K)
 Metaspace       used 77367K, committed 77888K, reserved 1122304K
  class space    used 10423K, committed 10688K, reserved 1048576K

Heap Regions: E=young(eden), S=young(survivor), O=old, HS=humongous(starts), HC=humongous(continues), CS=collection set, F=free, OA=open archive, CA=closed archive, TAMS=top-at-mark-start (previous, next)
|   0|0x0000000080000000, 0x0000000080100000, 0x0000000080100000|100%|HS|  |TAMS 0x0000000080100000, 0x0000000080000000| Complete 
|   1|0x0000000080100000, 0x0000000080200000, 0x0000000080200000|100%|HC|  |TAMS 0x0000000080200000, 0x0000000080100000| Complete 
|   2|0x0000000080200000, 0x0000000080300000, 0x0000000080300000|100%|HC|  |TAMS 0x0000000080300000, 0x0000000080200000| Complete 
|   3|0x0000000080300000, 0x0000000080400000, 0x0000000080400000|100%|HC|  |TAMS 0x0000000080400000, 0x0000000080300000| Complete 
|   4|0x0000000080400000, 0x0000000080500000, 0x0000000080500000|100%| O|  |TAMS 0x0000000080500000, 0x0000000080400000| Untracked 
|   5|0x0000000080500000, 0x0000000080600000, 0x0000000080600000|100%| O|  |TAMS 0x0000000080600000, 0x0000000080500000| Untracked 
|   6|0x0000000080600000, 0x0000000080700000, 0x0000000080700000|100%| O|  |TAMS 0x0000000080700000, 0x0000000080600000| Untracked 
|   7|0x0000000080700000, 0x0000000080800000, 0x0000000080800000|100%| O|  |TAMS 0x0000000080800000, 0x0000000080700000| Untracked 
|   8|0x0000000080800000, 0x0000000080900000, 0x0000000080900000|100%| O|  |TAMS 0x0000000080900000, 0x0000000080800000| Untracked 
|   9|0x0000000080900000, 0x0000000080a00000, 0x0000000080a00000|100%| O|  |TAMS 0x0000000080a00000, 0x0000000080900000| Untracked 
|  10|0x0000000080a00000, 0x0000000080b00000, 0x0000000080b00000|100%| O|  |TAMS 0x0000000080b00000, 0x0000000080a00000| Untracked 
|  11|0x0000000080b00000, 0x0000000080c00000, 0x0000000080c00000|100%| O|  |TAMS 0x0000000080c00000, 0x0000000080b00000| Untracked 
|  12|0x0000000080c00000, 0x0000000080d00000, 0x0000000080d00000|100%| O|  |TAMS 0x0000000080d00000, 0x0000000080c00000| Untracked 
|  13|0x0000000080d00000, 0x0000000080e00000, 0x0000000080e00000|100%| O|  |TAMS 0x0000000080e00000, 0x0000000080d00000| Untracked 
|  14|0x0000000080e00000, 0x0000000080f00000, 0x0000000080f00000|100%| O|  |TAMS 0x0000000080f00000, 0x0000000080e00000| Untracked 
|  15|0x0000000080f00000, 0x0000000081000000, 0x0000000081000000|100%| O|  |TAMS 0x0000000081000000, 0x0000000080f00000| Untracked 
|  16|0x0000000081000000, 0x0000000081100000, 0x0000000081100000|100%| O|  |TAMS 0x0000000081100000, 0x0000000081000000| Untracked 
|  17|0x0000000081100000, 0x0000000081200000, 0x0000000081200000|100%| O|  |TAMS 0x0000000081200000, 0x0000000081100000| Untracked 
|  18|0x0000000081200000, 0x0000000081300000, 0x0000000081300000|100%| O|  |TAMS 0x0000000081300000, 0x0000000081200000| Untracked 
|  19|0x0000000081300000, 0x0000000081400000, 0x0000000081400000|100%| O|  |TAMS 0x0000000081400000, 0x0000000081300000| Untracked 
|  20|0x0000000081400000, 0x0000000081500000, 0x0000000081500000|100%| O|  |TAMS 0x0000000081500000, 0x0000000081400000| Untracked 
|  21|0x0000000081500000, 0x0000000081600000, 0x0000000081600000|100%| O|  |TAMS 0x0000000081600000, 0x0000000081500000| Untracked 
|  22|0x0000000081600000, 0x0000000081700000, 0x0000000081700000|100%| O|  |TAMS 0x0000000081700000, 0x0000000081600000| Untracked 
|  23|0x0000000081700000, 0x0000000081800000, 0x0000000081800000|100%| O|  |TAMS 0x0000000081800000, 0x0000000081700000| Untracked 
|  24|0x0000000081800000, 0x0000000081900000, 0x0000000081900000|100%| O|  |TAMS 0x0000000081900000, 0x0000000081800000| Untracked 
|  25|0x0000000081900000, 0x0000000081a00000, 0x0000000081a00000|100%| O|  |TAMS 0x0000000081a00000, 0x0000000081900000| Untracked 
|  26|0x0000000081a00000, 0x0000000081b00000, 0x0000000081b00000|100%| O|  |TAMS 0x0000000081b00000, 0x0000000081a00000| Untracked 
|  27|0x0000000081b00000, 0x0000000081c00000, 0x0000000081c00000|100%| O|  |TAMS 0x0000000081c00000, 0x0000000081b00000| Untracked 
|  28|0x0000000081c00000, 0x0000000081d00000, 0x0000000081d00000|100%| O|  |TAMS 0x0000000081d00000, 0x0000000081c00000| Untracked 
|  29|0x0000000081d00000, 0x0000000081e00000, 0x0000000081e00000|100%| O|  |TAMS 0x0000000081e00000, 0x0000000081d00000| Untracked 
|  30|0x0000000081e00000, 0x0000000081f00000, 0x0000000081f00000|100%| O|  |TAMS 0x0000000081f00000, 0x0000000081e00000| Untracked 
|  31|0x0000000081f00000, 0x0000000082000000, 0x0000000082000000|100%| O|  |TAMS 0x0000000082000000, 0x0000000081f00000| Untracked 
|  32|0x0000000082000000, 0x0000000082100000, 0x0000000082100000|100%| O|  |TAMS 0x0000000082100000, 0x0000000082000000| Untracked 
|  33|0x0000000082100000, 0x0000000082200000, 0x0000000082200000|100%| O|  |TAMS 0x0000000082200000, 0x0000000082100000| Untracked 
|  34|0x0000000082200000, 0x0000000082300000, 0x0000000082300000|100%|HS|  |TAMS 0x0000000082300000, 0x0000000082200000| Complete 
|  35|0x0000000082300000, 0x0000000082400000, 0x0000000082400000|100%|HS|  |TAMS 0x0000000082400000, 0x0000000082300000| Complete 
|  36|0x0000000082400000, 0x0000000082500000, 0x0000000082500000|100%| O|  |TAMS 0x0000000082500000, 0x0000000082400000| Untracked 
|  37|0x0000000082500000, 0x0000000082600000, 0x0000000082600000|100%| O|  |TAMS 0x0000000082600000, 0x0000000082500000| Untracked 
|  38|0x0000000082600000, 0x0000000082700000, 0x0000000082700000|100%| O|  |TAMS 0x0000000082700000, 0x0000000082600000| Untracked 
|  39|0x0000000082700000, 0x0000000082800000, 0x0000000082800000|100%|HS|  |TAMS 0x0000000082800000, 0x0000000082700000| Complete 
|  40|0x0000000082800000, 0x0000000082900000, 0x0000000082900000|100%|HC|  |TAMS 0x0000000082900000, 0x0000000082800000| Complete 
|  41|0x0000000082900000, 0x0000000082a00000, 0x0000000082a00000|100%| O|  |TAMS 0x0000000082a00000, 0x0000000082900000| Untracked 
|  42|0x0000000082a00000, 0x0000000082b00000, 0x0000000082b00000|100%| O|  |TAMS 0x0000000082b00000, 0x0000000082a00000| Untracked 
|  43|0x0000000082b00000, 0x0000000082c00000, 0x0000000082c00000|100%| O|  |TAMS 0x0000000082c00000, 0x0000000082b00000| Untracked 
|  44|0x0000000082c00000, 0x0000000082d00000, 0x0000000082d00000|100%| O|  |TAMS 0x0000000082d00000, 0x0000000082c00000| Untracked 
|  45|0x0000000082d00000, 0x0000000082e00000, 0x0000000082e00000|100%|HS|  |TAMS 0x0000000082e00000, 0x0000000082d00000| Complete 
|  46|0x0000000082e00000, 0x0000000082f00000, 0x0000000082f00000|100%|HC|  |TAMS 0x0000000082f00000, 0x0000000082e00000| Complete 
|  47|0x0000000082f00000, 0x0000000083000000, 0x0000000083000000|100%|HS|  |TAMS 0x0000000083000000, 0x0000000082f00000| Complete 
|  48|0x0000000083000000, 0x0000000083100000, 0x0000000083100000|100%|HS|  |TAMS 0x0000000083100000, 0x0000000083000000| Complete 
|  49|0x0000000083100000, 0x0000000083200000, 0x0000000083200000|100%|HC|  |TAMS 0x0000000083200000, 0x0000000083100000| Complete 
|  50|0x0000000083200000, 0x0000000083300000, 0x0000000083300000|100%|HC|  |TAMS 0x0000000083300000, 0x0000000083200000| Complete 
|  51|0x0000000083300000, 0x0000000083400000, 0x0000000083400000|100%|HC|  |TAMS 0x0000000083400000, 0x0000000083300000| Complete 
|  52|0x0000000083400000, 0x0000000083500000, 0x0000000083500000|100%|HS|  |TAMS 0x0000000083500000, 0x0000000083400000| Complete 
|  53|0x0000000083500000, 0x0000000083600000, 0x0000000083600000|100%| O|  |TAMS 0x0000000083600000, 0x0000000083500000| Untracked 
|  54|0x0000000083600000, 0x0000000083700000, 0x0000000083700000|100%| O|  |TAMS 0x0000000083700000, 0x0000000083600000| Untracked 
|  55|0x0000000083700000, 0x0000000083800000, 0x0000000083800000|100%| O|  |TAMS 0x0000000083800000, 0x0000000083700000| Untracked 
|  56|0x0000000083800000, 0x0000000083900000, 0x0000000083900000|100%| O|  |TAMS 0x0000000083900000, 0x0000000083800000| Untracked 
|  57|0x0000000083900000, 0x0000000083a00000, 0x0000000083a00000|100%| O|  |TAMS 0x0000000083a00000, 0x0000000083900000| Untracked 
|  58|0x0000000083a00000, 0x0000000083b00000, 0x0000000083b00000|100%| O|  |TAMS 0x0000000083b00000, 0x0000000083a00000| Untracked 
|  59|0x0000000083b00000, 0x0000000083c00000, 0x0000000083c00000|100%| O|  |TAMS 0x0000000083c00000, 0x0000000083b00000| Untracked 
|  60|0x0000000083c00000, 0x0000000083d00000, 0x0000000083d00000|100%| O|  |TAMS 0x0000000083d00000, 0x0000000083c00000| Untracked 
|  61|0x0000000083d00000, 0x0000000083e00000, 0x0000000083e00000|100%| O|  |TAMS 0x0000000083e00000, 0x0000000083d00000| Untracked 
|  62|0x0000000083e00000, 0x0000000083f00000, 0x0000000083f00000|100%| O|  |TAMS 0x0000000083f00000, 0x0000000083e00000| Untracked 
|  63|0x0000000083f00000, 0x0000000084000000, 0x0000000084000000|100%| O|  |TAMS 0x0000000084000000, 0x0000000083f00000| Untracked 
|  64|0x0000000084000000, 0x0000000084100000, 0x0000000084100000|100%| O|  |TAMS 0x00000000840bba00, 0x0000000084000000| Untracked 
|  65|0x0000000084100000, 0x0000000084200000, 0x0000000084200000|100%| O|  |TAMS 0x0000000084100000, 0x0000000084100000| Untracked 
|  66|0x0000000084200000, 0x0000000084200000, 0x0000000084300000|  0%| F|  |TAMS 0x0000000084200000, 0x0000000084200000| Untracked 
|  67|0x0000000084300000, 0x0000000084400000, 0x0000000084400000|100%| O|  |TAMS 0x0000000084400000, 0x0000000084300000| Untracked 
|  68|0x0000000084400000, 0x0000000084500000, 0x0000000084500000|100%| O|  |TAMS 0x0000000084500000, 0x0000000084400000| Untracked 
|  69|0x0000000084500000, 0x0000000084600000, 0x0000000084600000|100%|HS|  |TAMS 0x0000000084600000, 0x0000000084500000| Complete 
|  70|0x0000000084600000, 0x0000000084700000, 0x0000000084700000|100%|HC|  |TAMS 0x0000000084700000, 0x0000000084600000| Complete 
|  71|0x0000000084700000, 0x0000000084800000, 0x0000000084800000|100%|HC|  |TAMS 0x0000000084800000, 0x0000000084700000| Complete 
|  72|0x0000000084800000, 0x0000000084900000, 0x0000000084900000|100%|HC|  |TAMS 0x0000000084900000, 0x0000000084800000| Complete 
|  73|0x0000000084900000, 0x0000000084900000, 0x0000000084a00000|  0%| F|  |TAMS 0x0000000084900000, 0x0000000084900000| Untracked 
|  74|0x0000000084a00000, 0x0000000084a00000, 0x0000000084b00000|  0%| F|  |TAMS 0x0000000084a00000, 0x0000000084a00000| Untracked 
|  75|0x0000000084b00000, 0x0000000084b00000, 0x0000000084c00000|  0%| F|  |TAMS 0x0000000084b00000, 0x0000000084b00000| Untracked 
|  76|0x0000000084c00000, 0x0000000084c00000, 0x0000000084d00000|  0%| F|  |TAMS 0x0000000084c00000, 0x0000000084c00000| Untracked 
|  77|0x0000000084d00000, 0x0000000084d00000, 0x0000000084e00000|  0%| F|  |TAMS 0x0000000084d00000, 0x0000000084d00000| Untracked 
|  78|0x0000000084e00000, 0x0000000084e00000, 0x0000000084f00000|  0%| F|  |TAMS 0x0000000084e00000, 0x0000000084e00000| Untracked 
|  79|0x0000000084f00000, 0x0000000084f00000, 0x0000000085000000|  0%| F|  |TAMS 0x0000000084f00000, 0x0000000084f00000| Untracked 
|  80|0x0000000085000000, 0x0000000085000000, 0x0000000085100000|  0%| F|  |TAMS 0x0000000085000000, 0x0000000085000000| Untracked 
|  81|0x0000000085100000, 0x0000000085100000, 0x0000000085200000|  0%| F|  |TAMS 0x0000000085100000, 0x0000000085100000| Untracked 
|  82|0x0000000085200000, 0x0000000085200000, 0x0000000085300000|  0%| F|  |TAMS 0x0000000085200000, 0x0000000085200000| Untracked 
|  83|0x0000000085300000, 0x0000000085300000, 0x0000000085400000|  0%| F|  |TAMS 0x0000000085300000, 0x0000000085300000| Untracked 
|  84|0x0000000085400000, 0x0000000085400000, 0x0000000085500000|  0%| F|  |TAMS 0x0000000085400000, 0x0000000085400000| Untracked 
|  85|0x0000000085500000, 0x0000000085500000, 0x0000000085600000|  0%| F|  |TAMS 0x0000000085500000, 0x0000000085500000| Untracked 
|  86|0x0000000085600000, 0x0000000085600000, 0x0000000085700000|  0%| F|  |TAMS 0x0000000085600000, 0x0000000085600000| Untracked 
|  87|0x0000000085700000, 0x0000000085700000, 0x0000000085800000|  0%| F|  |TAMS 0x0000000085700000, 0x0000000085700000| Untracked 
|  88|0x0000000085800000, 0x0000000085800000, 0x0000000085900000|  0%| F|  |TAMS 0x0000000085800000, 0x0000000085800000| Untracked 
|  89|0x0000000085900000, 0x0000000085900000, 0x0000000085a00000|  0%| F|  |TAMS 0x0000000085900000, 0x0000000085900000| Untracked 
|  90|0x0000000085a00000, 0x0000000085a00000, 0x0000000085b00000|  0%| F|  |TAMS 0x0000000085a00000, 0x0000000085a00000| Untracked 
|  91|0x0000000085b00000, 0x0000000085b00000, 0x0000000085c00000|  0%| F|  |TAMS 0x0000000085b00000, 0x0000000085b00000| Untracked 
|  92|0x0000000085c00000, 0x0000000085c00000, 0x0000000085d00000|  0%| F|  |TAMS 0x0000000085c00000, 0x0000000085c00000| Untracked 
|  93|0x0000000085d00000, 0x0000000085d00000, 0x0000000085e00000|  0%| F|  |TAMS 0x0000000085d00000, 0x0000000085d00000| Untracked 
|  94|0x0000000085e00000, 0x0000000085e00000, 0x0000000085f00000|  0%| F|  |TAMS 0x0000000085e00000, 0x0000000085e00000| Untracked 
|  95|0x0000000085f00000, 0x0000000085f00000, 0x0000000086000000|  0%| F|  |TAMS 0x0000000085f00000, 0x0000000085f00000| Untracked 
|  96|0x0000000086000000, 0x0000000086000000, 0x0000000086100000|  0%| F|  |TAMS 0x0000000086000000, 0x0000000086000000| Untracked 
|  97|0x0000000086100000, 0x000000008614aca0, 0x0000000086200000| 29%| S|CS|TAMS 0x0000000086100000, 0x0000000086100000| Complete 
|  98|0x0000000086200000, 0x0000000086300000, 0x0000000086300000|100%| S|CS|TAMS 0x0000000086200000, 0x0000000086200000| Complete 
|  99|0x0000000086300000, 0x0000000086400000, 0x0000000086400000|100%| S|CS|TAMS 0x0000000086300000, 0x0000000086300000| Complete 
| 100|0x0000000086400000, 0x0000000086500000, 0x0000000086500000|100%| S|CS|TAMS 0x0000000086400000, 0x0000000086400000| Complete 
| 101|0x0000000086500000, 0x0000000086600000, 0x0000000086600000|100%| S|CS|TAMS 0x0000000086500000, 0x0000000086500000| Complete 
| 102|0x0000000086600000, 0x0000000086600000, 0x0000000086700000|  0%| F|  |TAMS 0x0000000086600000, 0x0000000086600000| Untracked 
| 103|0x0000000086700000, 0x0000000086700000, 0x0000000086800000|  0%| F|  |TAMS 0x0000000086700000, 0x0000000086700000| Untracked 
| 104|0x0000000086800000, 0x0000000086800000, 0x0000000086900000|  0%| F|  |TAMS 0x0000000086800000, 0x0000000086800000| Untracked 
| 105|0x0000000086900000, 0x0000000086900000, 0x0000000086a00000|  0%| F|  |TAMS 0x0000000086900000, 0x0000000086900000| Untracked 
| 106|0x0000000086a00000, 0x0000000086a00000, 0x0000000086b00000|  0%| F|  |TAMS 0x0000000086a00000, 0x0000000086a00000| Untracked 
| 107|0x0000000086b00000, 0x0000000086b00000, 0x0000000086c00000|  0%| F|  |TAMS 0x0000000086b00000, 0x0000000086b00000| Untracked 
| 108|0x0000000086c00000, 0x0000000086c00000, 0x0000000086d00000|  0%| F|  |TAMS 0x0000000086c00000, 0x0000000086c00000| Untracked 
| 109|0x0000000086d00000, 0x0000000086d00000, 0x0000000086e00000|  0%| F|  |TAMS 0x0000000086d00000, 0x0000000086d00000| Untracked 
| 110|0x0000000086e00000, 0x0000000086e00000, 0x0000000086f00000|  0%| F|  |TAMS 0x0000000086e00000, 0x0000000086e00000| Untracked 
| 111|0x0000000086f00000, 0x0000000086f00000, 0x0000000087000000|  0%| F|  |TAMS 0x0000000086f00000, 0x0000000086f00000| Untracked 
| 112|0x0000000087000000, 0x0000000087000000, 0x0000000087100000|  0%| F|  |TAMS 0x0000000087000000, 0x0000000087000000| Untracked 
| 113|0x0000000087100000, 0x0000000087100000, 0x0000000087200000|  0%| F|  |TAMS 0x0000000087100000, 0x0000000087100000| Untracked 
| 114|0x0000000087200000, 0x0000000087200000, 0x0000000087300000|  0%| F|  |TAMS 0x0000000087200000, 0x0000000087200000| Untracked 
| 115|0x0000000087300000, 0x0000000087300000, 0x0000000087400000|  0%| F|  |TAMS 0x0000000087300000, 0x0000000087300000| Untracked 
| 116|0x0000000087400000, 0x0000000087400000, 0x0000000087500000|  0%| F|  |TAMS 0x0000000087400000, 0x0000000087400000| Untracked 
| 117|0x0000000087500000, 0x0000000087500000, 0x0000000087600000|  0%| F|  |TAMS 0x0000000087500000, 0x0000000087500000| Untracked 
| 118|0x0000000087600000, 0x0000000087600000, 0x0000000087700000|  0%| F|  |TAMS 0x0000000087600000, 0x0000000087600000| Untracked 
| 119|0x0000000087700000, 0x0000000087700000, 0x0000000087800000|  0%| F|  |TAMS 0x0000000087700000, 0x0000000087700000| Untracked 
| 120|0x0000000087800000, 0x0000000087800000, 0x0000000087900000|  0%| F|  |TAMS 0x0000000087800000, 0x0000000087800000| Untracked 
| 121|0x0000000087900000, 0x0000000087900000, 0x0000000087a00000|  0%| F|  |TAMS 0x0000000087900000, 0x0000000087900000| Untracked 
| 122|0x0000000087a00000, 0x0000000087a00000, 0x0000000087b00000|  0%| F|  |TAMS 0x0000000087a00000, 0x0000000087a00000| Untracked 
| 123|0x0000000087b00000, 0x0000000087b00000, 0x0000000087c00000|  0%| F|  |TAMS 0x0000000087b00000, 0x0000000087b00000| Untracked 
| 124|0x0000000087c00000, 0x0000000087c00000, 0x0000000087d00000|  0%| F|  |TAMS 0x0000000087c00000, 0x0000000087c00000| Untracked 
| 125|0x0000000087d00000, 0x0000000087d00000, 0x0000000087e00000|  0%| F|  |TAMS 0x0000000087d00000, 0x0000000087d00000| Untracked 
| 196|0x000000008c400000, 0x000000008c500000, 0x000000008c500000|100%| E|  |TAMS 0x000000008c400000, 0x000000008c400000| Complete 
| 197|0x000000008c500000, 0x000000008c600000, 0x000000008c600000|100%| E|CS|TAMS 0x000000008c500000, 0x000000008c500000| Complete 
| 198|0x000000008c600000, 0x000000008c700000, 0x000000008c700000|100%| E|CS|TAMS 0x000000008c600000, 0x000000008c600000| Complete 
| 199|0x000000008c700000, 0x000000008c800000, 0x000000008c800000|100%| E|CS|TAMS 0x000000008c700000, 0x000000008c700000| Complete 
| 200|0x000000008c800000, 0x000000008c900000, 0x000000008c900000|100%| E|CS|TAMS 0x000000008c800000, 0x000000008c800000| Complete 
| 201|0x000000008c900000, 0x000000008ca00000, 0x000000008ca00000|100%| E|CS|TAMS 0x000000008c900000, 0x000000008c900000| Complete 
| 202|0x000000008ca00000, 0x000000008cb00000, 0x000000008cb00000|100%| E|CS|TAMS 0x000000008ca00000, 0x000000008ca00000| Complete 
| 203|0x000000008cb00000, 0x000000008cc00000, 0x000000008cc00000|100%| E|CS|TAMS 0x000000008cb00000, 0x000000008cb00000| Complete 
| 251|0x000000008fb00000, 0x000000008fc00000, 0x000000008fc00000|100%| E|CS|TAMS 0x000000008fb00000, 0x000000008fb00000| Complete 

Card table byte_map: [0x000002b7f5500000,0x000002b7f5900000] _byte_map_base: 0x000002b7f5100000

Marking Bits (Prev, Next): (CMBitMap*) 0x000002b7f19a4380, (CMBitMap*) 0x000002b7f19a43c0
 Prev Bits: [0x000002b7f5d00000, 0x000002b7f7d00000)
 Next Bits: [0x000002b7f7d00000, 0x000002b7f9d00000)

Polling page: 0x000002b7f10d0000

Metaspace:

Usage:
  Non-class:     65.37 MB used.
      Class:     10.18 MB used.
       Both:     75.55 MB used.

Virtual space:
  Non-class space:       72.00 MB reserved,      65.62 MB ( 91%) committed,  9 nodes.
      Class space:        1.00 GB reserved,      10.44 MB (  1%) committed,  1 nodes.
             Both:        1.07 GB reserved,      76.06 MB (  7%) committed. 

Chunk freelists:
   Non-Class:  2.36 MB
       Class:  1.50 MB
        Both:  3.86 MB

MaxMetaspaceSize: unlimited
CompressedClassSpaceSize: 1.00 GB
Initial GC threshold: 21.00 MB
Current GC threshold: 125.94 MB
CDS: off
MetaspaceReclaimPolicy: balanced
 - commit_granule_bytes: 65536.
 - commit_granule_words: 8192.
 - virtual_space_node_default_size: 1048576.
 - enlarge_chunks_in_place: 1.
 - new_chunks_are_fully_committed: 0.
 - uncommit_free_chunks: 1.
 - use_allocation_guard: 0.
 - handle_deallocations: 1.


Internal statistics:

num_allocs_failed_limit: 6.
num_arena_births: 804.
num_arena_deaths: 0.
num_vsnodes_births: 10.
num_vsnodes_deaths: 0.
num_space_committed: 1217.
num_space_uncommitted: 0.
num_chunks_returned_to_freelist: 6.
num_chunks_taken_from_freelist: 3469.
num_chunk_merges: 6.
num_chunk_splits: 2338.
num_chunks_enlarged: 1605.
num_purges: 0.
num_inconsistent_stats: 0.

CodeHeap 'non-profiled nmethods': size=120000Kb used=4219Kb max_used=4219Kb free=115780Kb
 bounds [0x000002b787ad0000, 0x000002b787ef0000, 0x000002b78f000000]
CodeHeap 'profiled nmethods': size=120000Kb used=13077Kb max_used=13077Kb free=106922Kb
 bounds [0x000002b780000000, 0x000002b780cd0000, 0x000002b787530000]
CodeHeap 'non-nmethods': size=5760Kb used=2381Kb max_used=2424Kb free=3378Kb
 bounds [0x000002b787530000, 0x000002b7877a0000, 0x000002b787ad0000]
 total_blobs=7788 nmethods=6891 adapters=809
 compilation: enabled
              stopped_count=0, restarted_count=0
 full_count=0

Compilation events (20 events):
Event: 13.697 Thread 0x000002b7fc879da0 7693       3       java.util.HashMap$EntrySet::size (8 bytes)
Event: 13.698 Thread 0x000002b7fc879da0 nmethod 7693 0x000002b7807c8210 code [0x000002b7807c83a0, 0x000002b7807c84b8]
Event: 13.698 Thread 0x000002b7fc879da0 7694       3       com.google.common.reflect.TypeResolver$TypeTable::<init> (10 bytes)
Event: 13.698 Thread 0x000002b7fc879da0 nmethod 7694 0x000002b780cb7210 code [0x000002b780cb73a0, 0x000002b780cb7558]
Event: 13.698 Thread 0x000002b7fc879da0 7695       3       org.objectweb.asm.MethodVisitor::visitInvokeDynamicInsn (39 bytes)
Event: 13.698 Thread 0x000002b7fc879da0 nmethod 7695 0x000002b780cb7610 code [0x000002b780cb77e0, 0x000002b780cb7af8]
Event: 13.698 Thread 0x000002b79617c8a0 nmethod 7689 0x000002b787eedd90 code [0x000002b787eedf20, 0x000002b787eee178]
Event: 13.704 Thread 0x000002b7fc879da0 7696       3       sun.reflect.generics.tree.SimpleClassTypeSignature::accept (8 bytes)
Event: 13.704 Thread 0x000002b7fc879da0 nmethod 7696 0x000002b780cb7c10 code [0x000002b780cb7de0, 0x000002b780cb80c8]
Event: 13.704 Thread 0x000002b7fc879da0 7698       3       com.google.common.reflect.TypeResolver$TypeMappingIntrospector::<init> (12 bytes)
Event: 13.705 Thread 0x000002b7fc879da0 nmethod 7698 0x000002b780cb8290 code [0x000002b780cb84a0, 0x000002b780cb8d18]
Event: 13.705 Thread 0x000002b7fc879da0 7697       3       sun.reflect.generics.visitor.Reifier::visitSimpleClassTypeSignature (18 bytes)
Event: 13.705 Thread 0x000002b7fc879da0 nmethod 7697 0x000002b780cb9010 code [0x000002b780cb91c0, 0x000002b780cb93e8]
Event: 13.707 Thread 0x000002b79617c8a0 7699       4       java.util.LinkedHashMap::keysToArray (38 bytes)
Event: 13.711 Thread 0x000002b79617c8a0 nmethod 7699 0x000002b787eee410 code [0x000002b787eee5a0, 0x000002b787eee998]
Event: 13.711 Thread 0x000002b79617c8a0 7700       4       org.objectweb.asm.MethodWriter::putMethodInfo (1274 bytes)
Event: 13.714 Thread 0x000002b7fc879da0 7702       3       org.gradle.model.internal.type.ClassTypeWrapper::unwrap (11 bytes)
Event: 13.714 Thread 0x000002b7fc879da0 nmethod 7702 0x000002b780cb9510 code [0x000002b780cb96c0, 0x000002b780cb9978]
Event: 13.714 Thread 0x000002b7fc879da0 7701       1       org.gradle.internal.extensibility.ExtensionsStorage$ExtensionHolder::getPublicType (5 bytes)
Event: 13.714 Thread 0x000002b7fc879da0 nmethod 7701 0x000002b787eeeb10 code [0x000002b787eeeca0, 0x000002b787eeed78]

GC Heap History (20 events):
Event: 10.916 GC heap before
{Heap before GC invocations=30 (full 0):
 garbage-first heap   total 107520K, used 74470K [0x0000000080000000, 0x0000000100000000)
  region size 1024K, 17 young (17408K), 2 survivors (2048K)
 Metaspace       used 58256K, committed 58816K, reserved 1105920K
  class space    used 7856K, committed 8128K, reserved 1048576K
}
Event: 10.918 GC heap after
{Heap after GC invocations=31 (full 0):
 garbage-first heap   total 107520K, used 60838K [0x0000000080000000, 0x0000000100000000)
  region size 1024K, 2 young (2048K), 2 survivors (2048K)
 Metaspace       used 58256K, committed 58816K, reserved 1105920K
  class space    used 7856K, committed 8128K, reserved 1048576K
}
Event: 11.102 GC heap before
{Heap before GC invocations=31 (full 0):
 garbage-first heap   total 107520K, used 78246K [0x0000000080000000, 0x0000000100000000)
  region size 1024K, 20 young (20480K), 2 survivors (2048K)
 Metaspace       used 60423K, committed 60992K, reserved 1105920K
  class space    used 8093K, committed 8320K, reserved 1048576K
}
Event: 11.104 GC heap after
{Heap after GC invocations=32 (full 0):
 garbage-first heap   total 107520K, used 61514K [0x0000000080000000, 0x0000000100000000)
  region size 1024K, 1 young (1024K), 1 survivors (1024K)
 Metaspace       used 60423K, committed 60992K, reserved 1105920K
  class space    used 8093K, committed 8320K, reserved 1048576K
}
Event: 11.539 GC heap before
{Heap before GC invocations=33 (full 0):
 garbage-first heap   total 107520K, used 81994K [0x0000000080000000, 0x0000000100000000)
  region size 1024K, 21 young (21504K), 1 survivors (1024K)
 Metaspace       used 63375K, committed 64000K, reserved 1105920K
  class space    used 8512K, committed 8832K, reserved 1048576K
}
Event: 11.541 GC heap after
{Heap after GC invocations=34 (full 0):
 garbage-first heap   total 107520K, used 62493K [0x0000000080000000, 0x0000000100000000)
  region size 1024K, 2 young (2048K), 2 survivors (2048K)
 Metaspace       used 63375K, committed 64000K, reserved 1105920K
  class space    used 8512K, committed 8832K, reserved 1048576K
}
Event: 11.742 GC heap before
{Heap before GC invocations=34 (full 0):
 garbage-first heap   total 107520K, used 74781K [0x0000000080000000, 0x0000000100000000)
  region size 1024K, 15 young (15360K), 2 survivors (2048K)
 Metaspace       used 65433K, committed 66112K, reserved 1105920K
  class space    used 8765K, committed 9088K, reserved 1048576K
}
Event: 11.744 GC heap after
{Heap after GC invocations=35 (full 0):
 garbage-first heap   total 107520K, used 64125K [0x0000000080000000, 0x0000000100000000)
  region size 1024K, 3 young (3072K), 3 survivors (3072K)
 Metaspace       used 65433K, committed 66112K, reserved 1105920K
  class space    used 8765K, committed 9088K, reserved 1048576K
}
Event: 11.952 GC heap before
{Heap before GC invocations=36 (full 0):
 garbage-first heap   total 138240K, used 89725K [0x0000000080000000, 0x0000000100000000)
  region size 1024K, 23 young (23552K), 3 survivors (3072K)
 Metaspace       used 66049K, committed 66624K, reserved 1114112K
  class space    used 8864K, committed 9152K, reserved 1048576K
}
Event: 11.956 GC heap after
{Heap after GC invocations=37 (full 0):
 garbage-first heap   total 138240K, used 66388K [0x0000000080000000, 0x0000000100000000)
  region size 1024K, 3 young (3072K), 3 survivors (3072K)
 Metaspace       used 66049K, committed 66624K, reserved 1114112K
  class space    used 8864K, committed 9152K, reserved 1048576K
}
Event: 12.030 GC heap before
{Heap before GC invocations=37 (full 0):
 garbage-first heap   total 138240K, used 68436K [0x0000000080000000, 0x0000000100000000)
  region size 1024K, 6 young (6144K), 3 survivors (3072K)
 Metaspace       used 66403K, committed 66944K, reserved 1114112K
  class space    used 8899K, committed 9152K, reserved 1048576K
}
Event: 12.032 GC heap after
{Heap after GC invocations=38 (full 0):
 garbage-first heap   total 138240K, used 66813K [0x0000000080000000, 0x0000000100000000)
  region size 1024K, 1 young (1024K), 1 survivors (1024K)
 Metaspace       used 66403K, committed 66944K, reserved 1114112K
  class space    used 8899K, committed 9152K, reserved 1048576K
}
Event: 12.522 GC heap before
{Heap before GC invocations=38 (full 0):
 garbage-first heap   total 138240K, used 100605K [0x0000000080000000, 0x0000000100000000)
  region size 1024K, 34 young (34816K), 1 survivors (1024K)
 Metaspace       used 68984K, committed 69632K, reserved 1114112K
  class space    used 9232K, committed 9536K, reserved 1048576K
}
Event: 12.525 GC heap after
{Heap after GC invocations=39 (full 0):
 garbage-first heap   total 138240K, used 68400K [0x0000000080000000, 0x0000000100000000)
  region size 1024K, 2 young (2048K), 2 survivors (2048K)
 Metaspace       used 68984K, committed 69632K, reserved 1114112K
  class space    used 9232K, committed 9536K, reserved 1048576K
}
Event: 12.741 GC heap before
{Heap before GC invocations=40 (full 0):
 garbage-first heap   total 138240K, used 84784K [0x0000000080000000, 0x0000000100000000)
  region size 1024K, 19 young (19456K), 2 survivors (2048K)
 Metaspace       used 70306K, committed 70912K, reserved 1114112K
  class space    used 9426K, committed 9728K, reserved 1048576K
}
Event: 12.745 GC heap after
{Heap after GC invocations=41 (full 0):
 garbage-first heap   total 138240K, used 69707K [0x0000000080000000, 0x0000000100000000)
  region size 1024K, 4 young (4096K), 4 survivors (4096K)
 Metaspace       used 70306K, committed 70912K, reserved 1114112K
  class space    used 9426K, committed 9728K, reserved 1048576K
}
Event: 13.175 GC heap before
{Heap before GC invocations=42 (full 0):
 garbage-first heap   total 138240K, used 109643K [0x0000000080000000, 0x0000000100000000)
  region size 1024K, 39 young (39936K), 4 survivors (4096K)
 Metaspace       used 73890K, committed 74560K, reserved 1114112K
  class space    used 9923K, committed 10240K, reserved 1048576K
}
Event: 13.178 GC heap after
{Heap after GC invocations=43 (full 0):
 garbage-first heap   total 138240K, used 76120K [0x0000000080000000, 0x0000000100000000)
  region size 1024K, 4 young (4096K), 4 survivors (4096K)
 Metaspace       used 73890K, committed 74560K, reserved 1114112K
  class space    used 9923K, committed 10240K, reserved 1048576K
}
Event: 13.616 GC heap before
{Heap before GC invocations=43 (full 0):
 garbage-first heap   total 138240K, used 109912K [0x0000000080000000, 0x0000000100000000)
  region size 1024K, 37 young (37888K), 4 survivors (4096K)
 Metaspace       used 76737K, committed 77376K, reserved 1122304K
  class space    used 10333K, committed 10624K, reserved 1048576K
}
Event: 13.620 GC heap after
{Heap after GC invocations=44 (full 0):
 garbage-first heap   total 138240K, used 78123K [0x0000000080000000, 0x0000000100000000)
  region size 1024K, 5 young (5120K), 5 survivors (5120K)
 Metaspace       used 76737K, committed 77376K, reserved 1122304K
  class space    used 10333K, committed 10624K, reserved 1048576K
}

Dll operation events (3 events):
Event: 0.028 Loaded shared library C:\Program Files\Android\Android Studio\jbr\bin\java.dll
Event: 0.157 Loaded shared library C:\Program Files\Android\Android Studio\jbr\bin\zip.dll
Event: 1.263 Loaded shared library C:\Program Files\Android\Android Studio\jbr\bin\verify.dll

Deoptimization events (20 events):
Event: 13.251 Thread 0x000002b78f301160 Uncommon trap: trap_request=0xffffff45 fr.pc=0x000002b787d9c5dc relative=0x000000000000033c
Event: 13.251 Thread 0x000002b78f301160 Uncommon trap: reason=unstable_if action=reinterpret pc=0x000002b787d9c5dc method=java.lang.String.indexOf([BBILjava/lang/String;I)I @ 54 c2
Event: 13.251 Thread 0x000002b78f301160 DEOPT PACKING pc=0x000002b787d9c5dc sp=0x000000ec1a3f6b10
Event: 13.251 Thread 0x000002b78f301160 DEOPT UNPACKING pc=0x000002b78758a1a3 sp=0x000000ec1a3f6a20 mode 2
Event: 13.282 Thread 0x000002b78f301160 Uncommon trap: trap_request=0xffffffde fr.pc=0x000002b787ec4440 relative=0x0000000000000560
Event: 13.282 Thread 0x000002b78f301160 Uncommon trap: reason=class_check action=maybe_recompile pc=0x000002b787ec4440 method=kotlin.reflect.jvm.internal.impl.protobuf.CodedInputStream.tryRefillBuffer(I)Z @ 175 c2
Event: 13.282 Thread 0x000002b78f301160 DEOPT PACKING pc=0x000002b787ec4440 sp=0x000000ec1a3f6b10
Event: 13.282 Thread 0x000002b78f301160 DEOPT UNPACKING pc=0x000002b78758a1a3 sp=0x000000ec1a3f69f8 mode 2
Event: 13.283 Thread 0x000002b78f301160 Uncommon trap: trap_request=0xffffffde fr.pc=0x000002b787ec4440 relative=0x0000000000000560
Event: 13.283 Thread 0x000002b78f301160 Uncommon trap: reason=class_check action=maybe_recompile pc=0x000002b787ec4440 method=kotlin.reflect.jvm.internal.impl.protobuf.CodedInputStream.tryRefillBuffer(I)Z @ 175 c2
Event: 13.283 Thread 0x000002b78f301160 DEOPT PACKING pc=0x000002b787ec4440 sp=0x000000ec1a3f6b10
Event: 13.283 Thread 0x000002b78f301160 DEOPT UNPACKING pc=0x000002b78758a1a3 sp=0x000000ec1a3f69f8 mode 2
Event: 13.283 Thread 0x000002b78f301160 Uncommon trap: trap_request=0xffffffde fr.pc=0x000002b787ec4440 relative=0x0000000000000560
Event: 13.283 Thread 0x000002b78f301160 Uncommon trap: reason=class_check action=maybe_recompile pc=0x000002b787ec4440 method=kotlin.reflect.jvm.internal.impl.protobuf.CodedInputStream.tryRefillBuffer(I)Z @ 175 c2
Event: 13.283 Thread 0x000002b78f301160 DEOPT PACKING pc=0x000002b787ec4440 sp=0x000000ec1a3f6c10
Event: 13.283 Thread 0x000002b78f301160 DEOPT UNPACKING pc=0x000002b78758a1a3 sp=0x000000ec1a3f6af8 mode 2
Event: 13.285 Thread 0x000002b78f301160 Uncommon trap: trap_request=0xffffffde fr.pc=0x000002b787ec4440 relative=0x0000000000000560
Event: 13.285 Thread 0x000002b78f301160 Uncommon trap: reason=class_check action=maybe_recompile pc=0x000002b787ec4440 method=kotlin.reflect.jvm.internal.impl.protobuf.CodedInputStream.tryRefillBuffer(I)Z @ 175 c2
Event: 13.285 Thread 0x000002b78f301160 DEOPT PACKING pc=0x000002b787ec4440 sp=0x000000ec1a3f6c10
Event: 13.285 Thread 0x000002b78f301160 DEOPT UNPACKING pc=0x000002b78758a1a3 sp=0x000000ec1a3f6af8 mode 2

Classes unloaded (0 events):
No events

Classes redefined (0 events):
No events

Internal exceptions (20 events):
Event: 12.819 Thread 0x000002b78f301160 Exception <a 'java/lang/NoSuchMethodError'{0x000000008c864638}: static Lorg/jetbrains/kotlin/gradle/plugin/internal/DefaultArtifactTypeAttributeAccessorVariantFactory;.<clinit>()V> (0x000000008c864638) 
thrown [s\src\hotspot\share\prims\jni.cpp, line 1108]
Event: 12.820 Thread 0x000002b78f301160 Exception <a 'java/lang/NoSuchMethodError'{0x000000008c882120}: static Lorg/jetbrains/kotlin/gradle/plugin/internal/MavenPluginConfigurator$DefaultMavenPluginConfiguratorVariantFactory;.<clinit>()V> (0x000000008c882120) 
thrown [s\src\hotspot\share\prims\jni.cpp, line 1108]
Event: 12.822 Thread 0x000002b78f301160 Exception <a 'java/lang/NoSuchMethodError'{0x000000008c89dfe0}: static Lorg/jetbrains/kotlin/gradle/plugin/internal/DefaultJavaSourceSetsAccessorVariantFactory;.<clinit>()V> (0x000000008c89dfe0) 
thrown [s\src\hotspot\share\prims\jni.cpp, line 1108]
Event: 12.823 Thread 0x000002b78f301160 Exception <a 'java/lang/NoSuchMethodError'{0x000000008c8b95d8}: static Lorg/jetbrains/kotlin/gradle/targets/js/nodejs/DefaultUnameExecutorVariantFactory;.<clinit>()V> (0x000000008c8b95d8) 
thrown [s\src\hotspot\share\prims\jni.cpp, line 1108]
Event: 12.825 Thread 0x000002b78f301160 Exception <a 'java/lang/NoSuchMethodError'{0x000000008c8d5770}: static Lorg/jetbrains/kotlin/gradle/plugin/internal/DefaultBasePluginConfigurationVariantFactory;.<clinit>()V> (0x000000008c8d5770) 
thrown [s\src\hotspot\share\prims\jni.cpp, line 1108]
Event: 12.826 Thread 0x000002b78f301160 Exception <a 'java/lang/NoSuchMethodError'{0x000000008c8f0e78}: static Lorg/jetbrains/kotlin/gradle/plugin/internal/DefaultIdeaSyncDetectorVariantFactory;.<clinit>()V> (0x000000008c8f0e78) 
thrown [s\src\hotspot\share\prims\jni.cpp, line 1108]
Event: 12.827 Thread 0x000002b78f301160 Exception <a 'java/lang/NoSuchMethodError'{0x000000008c70e0c0}: static Lorg/jetbrains/kotlin/gradle/plugin/internal/DefaultKotlinTestReportCompatibilityHelperVariantFactory;.<clinit>()V> (0x000000008c70e0c0) 
thrown [s\src\hotspot\share\prims\jni.cpp, line 1108]
Event: 12.827 Thread 0x000002b78f301160 Exception <a 'java/lang/NoSuchMethodError'{0x000000008c7160f8}: 'void java.lang.invoke.DirectMethodHandle$Holder.invokeSpecial(java.lang.Object, java.lang.Object, java.lang.Object, int)'> (0x000000008c7160f8) 
thrown [s\src\hotspot\share\interpreter\linkResolver.cpp, line 771]
Event: 13.640 Thread 0x000002b78f301160 Exception <a 'java/lang/ClassNotFoundException'{0x000000008cb05660}: org/jetbrains/kotlin/gradle/targets/js/npm/DefaultNpmDependencyExtensionBeanInfo> (0x000000008cb05660) 
thrown [s\src\hotspot\share\classfile\systemDictionary.cpp, line 256]
Event: 13.640 Thread 0x000002b78f301160 Exception <a 'java/lang/ClassNotFoundException'{0x000000008cb10d50}: org/jetbrains/kotlin/gradle/targets/js/npm/DefaultNpmDependencyExtensionCustomizer> (0x000000008cb10d50) 
thrown [s\src\hotspot\share\classfile\systemDictionary.cpp, line 256]
Event: 13.647 Thread 0x000002b78f301160 Exception <a 'java/lang/ClassNotFoundException'{0x000000008cb99998}: org/jetbrains/kotlin/gradle/targets/js/npm/NpmDependencyExtensionKt$defaultNpmDependencyDelegate$1BeanInfo> (0x000000008cb99998) 
thrown [s\src\hotspot\share\classfile\systemDictionary.cpp, line 256]
Event: 13.647 Thread 0x000002b78f301160 Exception <a 'java/lang/ClassNotFoundException'{0x000000008cba50d0}: org/jetbrains/kotlin/gradle/targets/js/npm/NpmDependencyExtensionDelegateBeanInfo> (0x000000008cba50d0) 
thrown [s\src\hotspot\share\classfile\systemDictionary.cpp, line 256]
Event: 13.648 Thread 0x000002b78f301160 Exception <a 'java/lang/ClassNotFoundException'{0x000000008cbb07d0}: org/jetbrains/kotlin/gradle/targets/js/npm/NpmDependencyExtensionDelegateCustomizer> (0x000000008cbb07d0) 
thrown [s\src\hotspot\share\classfile\systemDictionary.cpp, line 256]
Event: 13.649 Thread 0x000002b78f301160 Exception <a 'java/lang/ClassNotFoundException'{0x000000008cbd0e30}: org/jetbrains/kotlin/gradle/targets/js/npm/NpmDependencyExtensionKt$defaultNpmDependencyDelegate$1Customizer> (0x000000008cbd0e30) 
thrown [s\src\hotspot\share\classfile\systemDictionary.cpp, line 256]
Event: 13.652 Thread 0x000002b78f301160 Exception <a 'java/lang/ClassNotFoundException'{0x000000008ca10a50}: org/jetbrains/kotlin/gradle/targets/js/npm/DefaultDevNpmDependencyExtensionBeanInfo> (0x000000008ca10a50) 
thrown [s\src\hotspot\share\classfile\systemDictionary.cpp, line 256]
Event: 13.653 Thread 0x000002b78f301160 Exception <a 'java/lang/ClassNotFoundException'{0x000000008ca1c158}: org/jetbrains/kotlin/gradle/targets/js/npm/DefaultDevNpmDependencyExtensionCustomizer> (0x000000008ca1c158) 
thrown [s\src\hotspot\share\classfile\systemDictionary.cpp, line 256]
Event: 13.655 Thread 0x000002b78f301160 Exception <a 'java/lang/ClassNotFoundException'{0x000000008ca5dd40}: org/jetbrains/kotlin/gradle/targets/js/npm/DefaultPeerNpmDependencyExtensionBeanInfo> (0x000000008ca5dd40) 
thrown [s\src\hotspot\share\classfile\systemDictionary.cpp, line 256]
Event: 13.656 Thread 0x000002b78f301160 Exception <a 'java/lang/ClassNotFoundException'{0x000000008ca69478}: org/jetbrains/kotlin/gradle/targets/js/npm/DefaultPeerNpmDependencyExtensionCustomizer> (0x000000008ca69478) 
thrown [s\src\hotspot\share\classfile\systemDictionary.cpp, line 256]
Event: 13.659 Thread 0x000002b78f301160 Exception <a 'java/lang/ClassNotFoundException'{0x000000008cab9770}: org/jetbrains/kotlin/gradle/targets/js/npm/DefaultPeerNpmDependencyExtension$delegate$1BeanInfo> (0x000000008cab9770) 
thrown [s\src\hotspot\share\classfile\systemDictionary.cpp, line 256]
Event: 13.659 Thread 0x000002b78f301160 Exception <a 'java/lang/ClassNotFoundException'{0x000000008cac5070}: org/jetbrains/kotlin/gradle/targets/js/npm/DefaultPeerNpmDependencyExtension$delegate$1Customizer> (0x000000008cac5070) 
thrown [s\src\hotspot\share\classfile\systemDictionary.cpp, line 256]

VM Operations (20 events):
Event: 12.623 Executing VM operation: HandshakeAllThreads
Event: 12.623 Executing VM operation: HandshakeAllThreads done
Event: 12.741 Executing VM operation: G1TryInitiateConcMark
Event: 12.745 Executing VM operation: G1TryInitiateConcMark done
Event: 12.784 Executing VM operation: G1Concurrent
Event: 12.786 Executing VM operation: G1Concurrent done
Event: 12.802 Executing VM operation: G1Concurrent
Event: 12.803 Executing VM operation: G1Concurrent done
Event: 12.965 Executing VM operation: HandshakeAllThreads
Event: 12.965 Executing VM operation: HandshakeAllThreads done
Event: 13.175 Executing VM operation: G1CollectForAllocation
Event: 13.178 Executing VM operation: G1CollectForAllocation done
Event: 13.616 Executing VM operation: G1CollectForAllocation
Event: 13.620 Executing VM operation: G1CollectForAllocation done
Event: 13.642 Executing VM operation: HandshakeAllThreads
Event: 13.642 Executing VM operation: HandshakeAllThreads done
Event: 13.671 Executing VM operation: G1Concurrent
Event: 13.673 Executing VM operation: G1Concurrent done
Event: 13.693 Executing VM operation: G1Concurrent
Event: 13.693 Executing VM operation: G1Concurrent done

Events (20 events):
Event: 12.830 loading class java/io/ObjectInputFilter done
Event: 12.830 loading class java/io/ObjectInputFilter$Config$BuiltinFilterFactory
Event: 12.830 loading class java/io/ObjectInputFilter$Config$BuiltinFilterFactory done
Event: 12.830 loading class jdk/internal/access/JavaObjectInputFilterAccess
Event: 12.830 loading class jdk/internal/access/JavaObjectInputFilterAccess done
Event: 12.831 loading class jdk/internal/event/DeserializationEvent
Event: 12.831 loading class jdk/internal/event/DeserializationEvent done
Event: 12.831 loading class java/io/ObjectInputStream$FieldValues
Event: 12.831 loading class java/io/ObjectInputStream$GetField
Event: 12.831 loading class java/io/ObjectInputStream$GetField done
Event: 12.831 loading class java/io/ObjectInputStream$FieldValues done
Event: 12.851 loading class java/nio/channels/Channels$1
Event: 12.852 loading class java/nio/channels/Channels$1 done
Event: 13.260 loading class java/util/ArrayList$SubList$1
Event: 13.260 loading class java/util/ArrayList$SubList$1 done
Event: 13.644 Thread 0x000002b7fc87df70 flushing nmethod 0x000002b787e43910
Event: 13.647 Thread 0x000002b7fc87df70 flushing nmethod 0x000002b78057b210
Event: 13.649 Thread 0x000002b7fc87df70 flushing nmethod 0x000002b7807c8210
Event: 13.649 Thread 0x000002b7fc87df70 flushing nmethod 0x000002b7807fe810
Event: 13.649 Thread 0x000002b7fc87df70 flushing nmethod 0x000002b780915790


Dynamic libraries:
0x00007ff665640000 - 0x00007ff66564a000 	C:\Program Files\Android\Android Studio\jbr\bin\java.exe
0x00007ffef6df0000 - 0x00007ffef6fe8000 	C:\WINDOWS\SYSTEM32\ntdll.dll
0x00007ffef6a60000 - 0x00007ffef6b1d000 	C:\WINDOWS\System32\KERNEL32.DLL
0x00007ffef48e0000 - 0x00007ffef4bd6000 	C:\WINDOWS\System32\KERNELBASE.dll
0x00007ffef47e0000 - 0x00007ffef48e0000 	C:\WINDOWS\System32\ucrtbase.dll
0x00007ffde4950000 - 0x00007ffde496b000 	C:\Program Files\Android\Android Studio\jbr\bin\VCRUNTIME140.dll
0x00007ffe23800000 - 0x00007ffe23817000 	C:\Program Files\Android\Android Studio\jbr\bin\jli.dll
0x00007ffef6860000 - 0x00007ffef69fe000 	C:\WINDOWS\System32\USER32.dll
0x00007ffef44b0000 - 0x00007ffef44d2000 	C:\WINDOWS\System32\win32u.dll
0x00007ffef5900000 - 0x00007ffef592b000 	C:\WINDOWS\System32\GDI32.dll
0x00007ffef4be0000 - 0x00007ffef4cf7000 	C:\WINDOWS\System32\gdi32full.dll
0x00007ffef4640000 - 0x00007ffef46dd000 	C:\WINDOWS\System32\msvcp_win.dll
0x00007ffee17e0000 - 0x00007ffee1a7a000 	C:\WINDOWS\WinSxS\amd64_microsoft.windows.common-controls_6595b64144ccf1df_6.0.19041.3636_none_60b6a03d71f818d5\COMCTL32.dll
0x00007ffef6100000 - 0x00007ffef619e000 	C:\WINDOWS\System32\msvcrt.dll
0x00007ffef4fc0000 - 0x00007ffef4ff2000 	C:\WINDOWS\System32\IMM32.DLL
0x00007ffed8540000 - 0x00007ffed869a000 	C:\WINDOWS\system32\tmumh\20019\AddOn\8.55.0.1333\TmUmEvt64.dll
0x00007ffef6d30000 - 0x00007ffef6d38000 	C:\WINDOWS\System32\PSAPI.DLL
0x00007ffef5090000 - 0x00007ffef5143000 	C:\WINDOWS\System32\ADVAPI32.dll
0x00007ffef5b10000 - 0x00007ffef5baf000 	C:\WINDOWS\System32\sechost.dll
0x00007ffef6610000 - 0x00007ffef6736000 	C:\WINDOWS\System32\RPCRT4.dll
0x00007ffef4db0000 - 0x00007ffef4dd7000 	C:\WINDOWS\System32\bcrypt.dll
0x000000006ffd0000 - 0x00000000700f5000 	C:\WINDOWS\system32\tmumh\20019\TmMon\2.9.0.1217\tmmon64.dll
0x00007ffed3960000 - 0x00007ffed3c9a000 	C:\WINDOWS\System32\TmLWE\TmUmSnsr64\1.0.0.1157\TmUmSnsr64.dll
0x00007ffef2050000 - 0x00007ffef2062000 	C:\WINDOWS\SYSTEM32\kernel.appcore.dll
0x00007ffe681c0000 - 0x00007ffe681cc000 	C:\Program Files\Android\Android Studio\jbr\bin\vcruntime140_1.dll
0x00007ffde4710000 - 0x00007ffde479d000 	C:\Program Files\Android\Android Studio\jbr\bin\msvcp140.dll
0x00007ffdf2440000 - 0x00007ffdf30ae000 	C:\Program Files\Android\Android Studio\jbr\bin\server\jvm.dll
0x00007ffe92150000 - 0x00007ffe92159000 	C:\WINDOWS\SYSTEM32\WSOCK32.dll
0x00007ffef6d40000 - 0x00007ffef6dab000 	C:\WINDOWS\System32\WS2_32.dll
0x00007ffee4750000 - 0x00007ffee4777000 	C:\WINDOWS\SYSTEM32\WINMM.dll
0x00007ffeec650000 - 0x00007ffeec65a000 	C:\WINDOWS\SYSTEM32\VERSION.dll
0x00007ffeeb870000 - 0x00007ffeeb87a000 	C:\Program Files\Android\Android Studio\jbr\bin\jimage.dll
0x00007ffef1850000 - 0x00007ffef1a34000 	C:\WINDOWS\SYSTEM32\DBGHELP.DLL
0x00007ffed8280000 - 0x00007ffed82b4000 	C:\WINDOWS\SYSTEM32\dbgcore.DLL
0x000002b7f1040000 - 0x000002b7f10c2000 	C:\WINDOWS\System32\bcryptPrimitives.dll
0x00007ffea61e0000 - 0x00007ffea61ee000 	C:\Program Files\Android\Android Studio\jbr\bin\instrument.dll
0x00007ffeb0d00000 - 0x00007ffeb0d25000 	C:\Program Files\Android\Android Studio\jbr\bin\java.dll
0x00007ffea94c0000 - 0x00007ffea94d8000 	C:\Program Files\Android\Android Studio\jbr\bin\zip.dll
0x00007ffef5150000 - 0x00007ffef5895000 	C:\WINDOWS\System32\SHELL32.dll
0x00007ffef22b0000 - 0x00007ffef2a4c000 	C:\WINDOWS\SYSTEM32\windows.storage.dll
0x00007ffef62b0000 - 0x00007ffef6604000 	C:\WINDOWS\System32\combase.dll
0x00007ffef3ee0000 - 0x00007ffef3f0e000 	C:\WINDOWS\SYSTEM32\Wldp.dll
0x00007ffef5bb0000 - 0x00007ffef5c7d000 	C:\WINDOWS\System32\OLEAUT32.dll
0x00007ffef61a0000 - 0x00007ffef624d000 	C:\WINDOWS\System32\SHCORE.dll
0x00007ffef6250000 - 0x00007ffef62a5000 	C:\WINDOWS\System32\shlwapi.dll
0x00007ffef43e0000 - 0x00007ffef4405000 	C:\WINDOWS\SYSTEM32\profapi.dll
0x00007ffea6270000 - 0x00007ffea6289000 	C:\Program Files\Android\Android Studio\jbr\bin\net.dll
0x00007ffef3480000 - 0x00007ffef358a000 	C:\WINDOWS\SYSTEM32\WINHTTP.dll
0x00007ffef3c40000 - 0x00007ffef3caa000 	C:\WINDOWS\system32\mswsock.dll
0x00007ffe91960000 - 0x00007ffe91976000 	C:\Program Files\Android\Android Studio\jbr\bin\nio.dll
0x00007ffeba500000 - 0x00007ffeba510000 	C:\Program Files\Android\Android Studio\jbr\bin\verify.dll
0x00007ffdedf10000 - 0x00007ffdedf37000 	C:\Users\dfabijanic\.gradle\native\68d5fa5c4cc2d200863cafc0d521ce42e7d3e7ee720ec0a83991735586a16f82\windows-amd64\native-platform.dll
0x00007ffdf8170000 - 0x00007ffdf82b4000 	C:\Users\dfabijanic\.gradle\native\e376f236ea51e6404a007f0833ffe2c6e607c4080706a723a18a27aeea778392\windows-amd64\native-platform-file-events.dll
0x00007ffeb09c0000 - 0x00007ffeb09c9000 	C:\Program Files\Android\Android Studio\jbr\bin\management.dll
0x00007ffea6260000 - 0x00007ffea626b000 	C:\Program Files\Android\Android Studio\jbr\bin\management_ext.dll
0x00007ffef3e30000 - 0x00007ffef3e48000 	C:\WINDOWS\SYSTEM32\CRYPTSP.dll
0x00007ffef33f0000 - 0x00007ffef3424000 	C:\WINDOWS\system32\rsaenh.dll
0x00007ffef4360000 - 0x00007ffef438e000 	C:\WINDOWS\SYSTEM32\USERENV.dll
0x00007ffef3e50000 - 0x00007ffef3e5c000 	C:\WINDOWS\SYSTEM32\CRYPTBASE.dll
0x00007ffef38e0000 - 0x00007ffef391b000 	C:\WINDOWS\SYSTEM32\IPHLPAPI.DLL
0x00007ffef5ae0000 - 0x00007ffef5ae8000 	C:\WINDOWS\System32\NSI.dll
0x00007ffeee490000 - 0x00007ffeee4a7000 	C:\WINDOWS\SYSTEM32\dhcpcsvc6.DLL
0x00007ffeee470000 - 0x00007ffeee48d000 	C:\WINDOWS\SYSTEM32\dhcpcsvc.DLL
0x00007ffef3920000 - 0x00007ffef39eb000 	C:\WINDOWS\SYSTEM32\DNSAPI.dll
0x00007ffea3a20000 - 0x00007ffea3a27000 	C:\WINDOWS\system32\wshunix.dll

dbghelp: loaded successfully - version: 4.0.5 - missing functions: none
symbol engine: initialized successfully - sym options: 0x614 - pdb path: .;C:\Program Files\Android\Android Studio\jbr\bin;C:\WINDOWS\SYSTEM32;C:\WINDOWS\WinSxS\amd64_microsoft.windows.common-controls_6595b64144ccf1df_6.0.19041.3636_none_60b6a03d71f818d5;C:\WINDOWS\system32\tmumh\20019\AddOn\8.55.0.1333;C:\WINDOWS\system32\tmumh\20019\TmMon\2.9.0.1217;C:\WINDOWS\System32\TmLWE\TmUmSnsr64\1.0.0.1157;C:\Program Files\Android\Android Studio\jbr\bin\server;C:\Users\dfabijanic\.gradle\native\68d5fa5c4cc2d200863cafc0d521ce42e7d3e7ee720ec0a83991735586a16f82\windows-amd64;C:\Users\dfabijanic\.gradle\native\e376f236ea51e6404a007f0833ffe2c6e607c4080706a723a18a27aeea778392\windows-amd64

VM Arguments:
jvm_args: --add-opens=java.base/java.util=ALL-UNNAMED --add-opens=java.base/java.lang=ALL-UNNAMED --add-opens=java.base/java.lang.invoke=ALL-UNNAMED --add-opens=java.prefs/java.util.prefs=ALL-UNNAMED --add-opens=java.base/java.nio.charset=ALL-UNNAMED --add-opens=java.base/java.net=ALL-UNNAMED --add-opens=java.base/java.util.concurrent.atomic=ALL-UNNAMED -Xmx2048m -Dfile.encoding=UTF-8 -Duser.country=US -Duser.language=en -Duser.variant -javaagent:C:\Users\dfabijanic\.gradle\wrapper\dists\gradle-8.2-bin\bbg7u40eoinfdyxsxr3z4i7ta\gradle-8.2\lib\agents\gradle-instrumentation-agent-8.2.jar 
java_command: org.gradle.launcher.daemon.bootstrap.GradleDaemon 8.2
java_class_path (initial): C:\Users\dfabijanic\.gradle\wrapper\dists\gradle-8.2-bin\bbg7u40eoinfdyxsxr3z4i7ta\gradle-8.2\lib\gradle-launcher-8.2.jar
Launcher Type: SUN_STANDARD

[Global flags]
     intx CICompilerCount                          = 4                                         {product} {ergonomic}
     uint ConcGCThreads                            = 2                                         {product} {ergonomic}
     uint G1ConcRefinementThreads                  = 8                                         {product} {ergonomic}
   size_t G1HeapRegionSize                         = 1048576                                   {product} {ergonomic}
    uintx GCDrainStackTargetSize                   = 64                                        {product} {ergonomic}
   size_t InitialHeapSize                          = 264241152                                 {product} {ergonomic}
   size_t MarkStackSize                            = 4194304                                   {product} {ergonomic}
   size_t MaxHeapSize                              = 2147483648                                {product} {command line}
   size_t MaxNewSize                               = 1287651328                                {product} {ergonomic}
   size_t MinHeapDeltaBytes                        = 1048576                                   {product} {ergonomic}
   size_t MinHeapSize                              = 8388608                                   {product} {ergonomic}
    uintx NonNMethodCodeHeapSize                   = 5839372                                {pd product} {ergonomic}
    uintx NonProfiledCodeHeapSize                  = 122909434                              {pd product} {ergonomic}
    uintx ProfiledCodeHeapSize                     = 122909434                              {pd product} {ergonomic}
    uintx ReservedCodeCacheSize                    = 251658240                              {pd product} {ergonomic}
     bool SegmentedCodeCache                       = true                                      {product} {ergonomic}
   size_t SoftMaxHeapSize                          = 2147483648                             {manageable} {ergonomic}
     bool UseCompressedClassPointers               = true                           {product lp64_product} {ergonomic}
     bool UseCompressedOops                        = true                           {product lp64_product} {ergonomic}
     bool UseG1GC                                  = true                                      {product} {ergonomic}
     bool UseLargePagesIndividualAllocation        = false                                  {pd product} {ergonomic}

Logging:
Log output configuration:
 #0: stdout all=warning uptime,level,tags
 #1: stderr all=off uptime,level,tags

Environment Variables:
PATH=C:\Program Files (x86)\Common Files\Oracle\Java\javapath;C:\WINDOWS\system32;C:\WINDOWS;C:\WINDOWS\System32\Wbem;C:\WINDOWS\System32\WindowsPowerShell\v1.0\;C:\WINDOWS\System32\OpenSSH\;C:\Program Files (x86)\HID Global\ActivClient\;C:\Program Files\HID Global\ActivClient\;C:\Program Files\SafeNet\Authentication\SAC\x64;C:\Program Files\SafeNet\Authentication\SAC\x32;C:\Program Files\Microsoft SQL Server\150\Tools\Binn\;C:\Program Files (x86)\Microsoft SQL Server\160\DTS\Binn\;C:\Program Files\Azure Data Studio\bin;C:\Program Files\TortoiseGit\bin;C:\Program Files\Git\cmd;C:\Program Files\Microsoft SQL Server\170\Tools\Binn\;C:\Program Files\Microsoft SQL Server\Client SDK\ODBC\170\Tools\Binn\;C:\Program Files (x86)\Microsoft SQL Server\150\Tools\Binn\;C:\Program Files\Microsoft SQL Server\150\DTS\Binn\;C:\Program Files\dotnet\;C:\Users\dfabijanic\AppData\Local\Microsoft\WindowsApps;C:\Users\dfabijanic\AppData\Local\Programs\Microsoft VS Code\bin;C:\Program Files\Azure Data Studio\bin;C:\msys64\ucrt64\bin;C:\Users\dfabijanic\.dotnet\tools
USERNAME=dfabijanic
OS=Windows_NT
PROCESSOR_IDENTIFIER=Intel64 Family 6 Model 140 Stepping 1, GenuineIntel
TMP=C:\Users\DFABIJ~1\AppData\Local\Temp
TEMP=C:\Users\DFABIJ~1\AppData\Local\Temp


JNI global refs:
JNI global refs: 30, weak refs: 2

JNI global refs memory usage: 843, weak refs: 841


---------------  S Y S T E M  ---------------

OS:
 Windows 10 , 64 bit Build 19041 (10.0.19041.3636)
OS uptime: 1 days 0:29 hours

CPU: total 8 (initial active 8) (4 cores per cpu, 2 threads per core) family 6 model 140 stepping 1 microcode 0xa4, cx8, cmov, fxsr, ht, mmx, 3dnowpref, sse, sse2, sse3, ssse3, sse4.1, sse4.2, popcnt, lzcnt, tsc, tscinvbit, avx, avx2, aes, erms, clmul, bmi1, bmi2, adx, avx512f, avx512dq, avx512cd, avx512bw, avx512vl, sha, fma, vzeroupper, avx512_vpopcntdq, avx512_vpclmulqdq, avx512_vaes, avx512_vnni, clflush, clflushopt, clwb, avx512_vbmi2, avx512_vbmi

Memory: 4k page, system-wide physical 16039M (2155M free)
TotalPageFile size 23073M (AvailPageFile size 1280M)
current process WorkingSet (physical memory assigned to process): 355M, peak: 355M
current process commit charge ("private bytes"): 398M, peak: 399M

vm_info: OpenJDK 64-Bit Server VM (17.0.6+0-b2043.56-10027231) for windows-amd64 JRE (17.0.6+0-b2043.56-10027231), built on Apr 28 2023 00:43:19 by "androidbuild" with MS VC++ 16.10 / 16.11 (VS2019)

END.
